OpenSTA 2.4.0 41a51eaf4c Copyright (c) 2021, Parallax Software, Inc.
License GPLv3: GNU GPL version 3 <http://gnu.org/licenses/gpl.html>

This is free software, and you are free to change and redistribute it
under certain conditions; type `show_copying' for details. 
This program comes with ABSOLUTELY NO WARRANTY; for details type `show_warranty'.
define_corners Typical
read_liberty -corner Typical /home/rajshekhar/.ciel/sky130A/libs.ref/sky130_fd_sc_hd/lib/sky130_fd_sc_hd__tt_025C_1v80.lib
Using 1e-12 for capacitance...
Using 1e+03 for resistance...
Using 1e-09 for time...
Using 1e+00 for voltage...
Using 1e-03 for current...
Using 1e-09 for power...
Using 1e-06 for distance...
Reading netlist '/openlane/designs/mux16to1/runs/run1/results/synthesis/mux16to1.v'…
Reading design constraints file at '/openlane/scripts/base.sdc'…
[INFO]: Setting output delay to: 2.0
[INFO]: Setting input delay to: 2.0
Warning: base.sdc line 18, port '__VIRTUAL_CLK__' not found.
[INFO]: Setting load to: 0.033442
[INFO]: Setting clock uncertainty to: 0.25
[INFO]: Setting clock transition to: 0.15
Warning: base.sdc line 52, transition time can not be specified for virtual clocks.
[INFO]: Setting timing derate to: 5.0 %
min_report

===========================================================================
report_checks -path_delay min (Hold)
============================================================================
======================= Typical Corner ===================================

Startpoint: sel[3] (input port clocked by __VIRTUAL_CLK__)
Endpoint: y (output port clocked by __VIRTUAL_CLK__)
Path Group: __VIRTUAL_CLK__
Path Type: min

Fanout     Cap    Slew   Delay    Time   Description
-----------------------------------------------------------------------------
                  0.00    0.00    0.00   clock __VIRTUAL_CLK__ (rise edge)
                          0.00    0.00   clock network delay (ideal)
                          2.00    2.00 ^ input external delay
                  0.05    0.03    2.03 ^ sel[3] (in)
     2    0.01                           sel[3] (net)
                  0.05    0.00    2.03 ^ _26_/A1 (sky130_fd_sc_hd__a21oi_2)
                  0.08    0.11    2.14 v _26_/Y (sky130_fd_sc_hd__a21oi_2)
     1    0.03                           y (net)
                  0.08    0.00    2.14 v y (out)
                                  2.14   data arrival time

                  0.00    0.00    0.00   clock __VIRTUAL_CLK__ (rise edge)
                          0.00    0.00   clock network delay (ideal)
                          0.25    0.25   clock uncertainty
                          0.00    0.25   clock reconvergence pessimism
                         -2.00   -1.75   output external delay
                                 -1.75   data required time
-----------------------------------------------------------------------------
                                 -1.75   data required time
                                 -2.14   data arrival time
-----------------------------------------------------------------------------
                                  3.89   slack (MET)



min_report_end
max_report

===========================================================================
report_checks -path_delay max (Setup)
============================================================================
======================= Typical Corner ===================================

Startpoint: sel[1] (input port clocked by __VIRTUAL_CLK__)
Endpoint: y (output port clocked by __VIRTUAL_CLK__)
Path Group: __VIRTUAL_CLK__
Path Type: max

Fanout     Cap    Slew   Delay    Time   Description
-----------------------------------------------------------------------------
                  0.00    0.00    0.00   clock __VIRTUAL_CLK__ (rise edge)
                          0.00    0.00   clock network delay (ideal)
                          2.00    2.00 v input external delay
                  0.06    0.05    2.05 v sel[1] (in)
     8    0.03                           sel[1] (net)
                  0.06    0.00    2.05 v _16_/A (sky130_fd_sc_hd__or3b_2)
                  0.07    0.48    2.53 v _16_/X (sky130_fd_sc_hd__or3b_2)
     1    0.00                           _03_ (net)
                  0.07    0.00    2.53 v _21_/A4 (sky130_fd_sc_hd__a41o_2)
                  0.04    0.30    2.82 v _21_/X (sky130_fd_sc_hd__a41o_2)
     1    0.00                           _08_ (net)
                  0.04    0.00    2.82 v _26_/A2 (sky130_fd_sc_hd__a21oi_2)
                  0.42    0.37    3.20 ^ _26_/Y (sky130_fd_sc_hd__a21oi_2)
     1    0.03                           y (net)
                  0.42    0.00    3.20 ^ y (out)
                                  3.20   data arrival time

                  0.00   10.00   10.00   clock __VIRTUAL_CLK__ (rise edge)
                          0.00   10.00   clock network delay (ideal)
                         -0.25    9.75   clock uncertainty
                          0.00    9.75   clock reconvergence pessimism
                         -2.00    7.75   output external delay
                                  7.75   data required time
-----------------------------------------------------------------------------
                                  7.75   data required time
                                 -3.20   data arrival time
-----------------------------------------------------------------------------
                                  4.55   slack (MET)



max_report_end
checks_report

===========================================================================
report_checks -unconstrained
===========================================================================
======================= Typical Corner ===================================

Startpoint: sel[1] (input port clocked by __VIRTUAL_CLK__)
Endpoint: y (output port clocked by __VIRTUAL_CLK__)
Path Group: __VIRTUAL_CLK__
Path Type: max

Fanout     Cap    Slew   Delay    Time   Description
-----------------------------------------------------------------------------
                  0.00    0.00    0.00   clock __VIRTUAL_CLK__ (rise edge)
                          0.00    0.00   clock network delay (ideal)
                          2.00    2.00 v input external delay
                  0.06    0.05    2.05 v sel[1] (in)
     8    0.03                           sel[1] (net)
                  0.06    0.00    2.05 v _16_/A (sky130_fd_sc_hd__or3b_2)
                  0.07    0.48    2.53 v _16_/X (sky130_fd_sc_hd__or3b_2)
     1    0.00                           _03_ (net)
                  0.07    0.00    2.53 v _21_/A4 (sky130_fd_sc_hd__a41o_2)
                  0.04    0.30    2.82 v _21_/X (sky130_fd_sc_hd__a41o_2)
     1    0.00                           _08_ (net)
                  0.04    0.00    2.82 v _26_/A2 (sky130_fd_sc_hd__a21oi_2)
                  0.42    0.37    3.20 ^ _26_/Y (sky130_fd_sc_hd__a21oi_2)
     1    0.03                           y (net)
                  0.42    0.00    3.20 ^ y (out)
                                  3.20   data arrival time

                  0.00   10.00   10.00   clock __VIRTUAL_CLK__ (rise edge)
                          0.00   10.00   clock network delay (ideal)
                         -0.25    9.75   clock uncertainty
                          0.00    9.75   clock reconvergence pessimism
                         -2.00    7.75   output external delay
                                  7.75   data required time
-----------------------------------------------------------------------------
                                  7.75   data required time
                                 -3.20   data arrival time
-----------------------------------------------------------------------------
                                  4.55   slack (MET)




===========================================================================
report_checks --slack_max -0.01
============================================================================
======================= Typical Corner ===================================

No paths found.


===========================================================================
 report_check_types -max_slew -max_cap -max_fanout -violators
============================================================================
======================= Typical Corner ===================================



===========================================================================
report_parasitic_annotation -report_unannotated
============================================================================
Found 34 unannotated drivers.
 data_in[0]
 data_in[10]
 data_in[11]
 data_in[12]
 data_in[13]
 data_in[14]
 data_in[15]
 data_in[1]
 data_in[2]
 data_in[3]
 data_in[4]
 data_in[5]
 data_in[6]
 data_in[7]
 data_in[8]
 data_in[9]
 sel[0]
 sel[1]
 sel[2]
 sel[3]
 _13_/X
 _14_/Y
 _15_/Y
 _16_/X
 _17_/X
 _18_/X
 _19_/Y
 _20_/Y
 _21_/X
 _22_/X
 _23_/X
 _24_/X
 _25_/Y
 _26_/Y
Found 0 partially unannotated drivers.

===========================================================================
max slew violation count 0
max fanout violation count 0
max cap violation count 0
============================================================================

===========================================================================
check_setup -verbose -unconstrained_endpoints -multiple_clock -no_clock -no_input_delay -loops -generated_clocks
===========================================================================
checks_report_end
power_report

===========================================================================
 report_power
============================================================================
======================= Typical Corner ===================================

Group                  Internal  Switching    Leakage      Total
                          Power      Power      Power      Power (Watts)
----------------------------------------------------------------
Sequential             0.00e+00   0.00e+00   0.00e+00   0.00e+00   0.0%
Combinational          4.28e-06   2.60e-06   5.52e-11   6.88e-06 100.0%
Macro                  0.00e+00   0.00e+00   0.00e+00   0.00e+00   0.0%
Pad                    0.00e+00   0.00e+00   0.00e+00   0.00e+00   0.0%
----------------------------------------------------------------
Total                  4.28e-06   2.60e-06   5.52e-11   6.88e-06 100.0%
                          62.2%      37.8%       0.0%

power_report_end
summary_report

===========================================================================
report_tns
============================================================================
tns 0.00

===========================================================================
report_wns
============================================================================
wns 0.00

===========================================================================
report_worst_slack -max (Setup)
============================================================================
worst slack 4.55

===========================================================================
report_worst_slack -min (Hold)
============================================================================
worst slack 3.89
summary_report_end
[WARNING] Did not save OpenROAD database!
Writing SDF to '/openlane/designs/mux16to1/runs/run1/results/synthesis/mux16to1.sdf'…
