OpenROAD 41a51eaf4ca2171c92ff38afb91eb37bbd3f36da 
This program is licensed under the BSD-3 license. See the LICENSE file for details.
Components of this program may be licensed under more restrictive licenses which must be honored.
[INFO]: Reading ODB at '/openlane/designs/mux16to1/runs/run1/results/placement/mux16to1.odb'…
define_corners Slowest Typical Fastest
read_liberty -corner Slowest /home/rajshekhar/.ciel/sky130A/libs.ref/sky130_fd_sc_hd/lib/sky130_fd_sc_hd__ss_100C_1v60.lib
read_liberty -corner Typical /home/rajshekhar/.ciel/sky130A/libs.ref/sky130_fd_sc_hd/lib/sky130_fd_sc_hd__tt_025C_1v80.lib
read_liberty -corner Fastest /home/rajshekhar/.ciel/sky130A/libs.ref/sky130_fd_sc_hd/lib/sky130_fd_sc_hd__ff_n40C_1v95.lib
Using 1e-12 for capacitance...
Using 1e+03 for resistance...
Using 1e-09 for time...
Using 1e+00 for voltage...
Using 1e-03 for current...
Using 1e-09 for power...
Using 1e-06 for distance...
Reading design constraints file at '/openlane/designs/mux16to1/runs/run1/tmp/placement/9-resizer.sdc'…
[WARNING STA-0357] virtual clock __VIRTUAL_CLK__ can not be propagated.
[INFO]: Setting signal min routing layer to: met1 and clock min routing layer to met3. 
[INFO]: Setting signal max routing layer to: met5 and clock max routing layer to met5. 
-congestion_iterations 50 -verbose -congestion_report_file /openlane/designs/mux16to1/runs/run1/tmp/routing/resizer-routing-design-congestion.rpt
[INFO GRT-0020] Min routing layer: met1
[INFO GRT-0021] Max routing layer: met5
[INFO GRT-0022] Global adjustment: 30%
[INFO GRT-0023] Grid origin: (0, 0)
[INFO GRT-0043] No OR_DEFAULT vias defined.
[INFO GRT-0088] Layer li1     Track-Pitch = 0.4600  line-2-Via Pitch: 0.3400
[INFO GRT-0088] Layer met1    Track-Pitch = 0.3400  line-2-Via Pitch: 0.3400
[INFO GRT-0088] Layer met2    Track-Pitch = 0.4600  line-2-Via Pitch: 0.3500
[INFO GRT-0088] Layer met3    Track-Pitch = 0.6800  line-2-Via Pitch: 0.6150
[INFO GRT-0088] Layer met4    Track-Pitch = 0.9200  line-2-Via Pitch: 1.0400
[INFO GRT-0088] Layer met5    Track-Pitch = 3.4000  line-2-Via Pitch: 3.1100
[INFO GRT-0019] Found 0 clock nets.
[INFO GRT-0001] Minimum degree: 2
[INFO GRT-0002] Maximum degree: 9
[INFO GRT-0003] Macros: 0
[INFO GRT-0004] Blockages: 44

[INFO GRT-0053] Routing resources analysis:
          Routing      Original      Derated      Resource
Layer     Direction    Resources     Resources    Reduction (%)
---------------------------------------------------------------
li1        Vertical            0             0          0.00%
met1       Horizontal      15680          8341          46.80%
met2       Vertical        11760          8049          31.56%
met3       Horizontal       7840          5598          28.60%
met4       Vertical         4704          3112          33.84%
met5       Horizontal       1568           783          50.06%
---------------------------------------------------------------

[INFO GRT-0197] Via related to pin nodes: 167
[INFO GRT-0198] Via related Steiner nodes: 2
[INFO GRT-0199] Via filling finished.
[INFO GRT-0111] Final number of vias: 211
[INFO GRT-0112] Final usage 3D: 1080

[INFO GRT-0096] Final congestion report:
Layer         Resource        Demand        Usage (%)    Max H / Max V / Total Overflow
---------------------------------------------------------------------------------------
li1                  0             0            0.00%             0 /  0 /  0
met1              8341           229            2.75%             0 /  0 /  0
met2              8049           218            2.71%             0 /  0 /  0
met3              5598             0            0.00%             0 /  0 /  0
met4              3112             0            0.00%             0 /  0 /  0
met5               783             0            0.00%             0 /  0 /  0
---------------------------------------------------------------------------------------
Total            25883           447            1.73%             0 /  0 /  0

[INFO GRT-0018] Total wirelength: 4119 um
[INFO GRT-0014] Routed nets: 55
[INFO]: Setting RC values...
[INFO RSZ-0058] Using max wire length 4508um.
[INFO GRT-0009] rerouting 2 nets.
[INFO GRT-0009] rerouting 2 nets.
[INFO GRT-0009] rerouting 4 nets.
[INFO GRT-0001] Minimum degree: 2
[INFO GRT-0002] Maximum degree: 2
[INFO GRT-0009] rerouting 2 nets.
[INFO GRT-0001] Minimum degree: 8
[INFO GRT-0002] Maximum degree: 8
[INFO GRT-0009] rerouting 2 nets.
[INFO GRT-0001] Minimum degree: 2
[INFO GRT-0002] Maximum degree: 2
[INFO GRT-0009] rerouting 2 nets.
[INFO GRT-0009] rerouting 3 nets.
[INFO GRT-0009] rerouting 4 nets.
[INFO GRT-0009] rerouting 5 nets.
[INFO GRT-0009] rerouting 5 nets.
[INFO GRT-0009] rerouting 5 nets.
[INFO RSZ-0039] Resized 5 instances.
Placement Analysis
---------------------------------
total displacement          0.9 u
average displacement        0.0 u
max displacement            0.9 u
original HPWL            3073.1 u
legalized HPWL           3095.0 u
delta HPWL                    1 %

[INFO DPL-0020] Mirrored 13 instances
[INFO DPL-0021] HPWL before            3095.0 u
[INFO DPL-0022] HPWL after             3072.4 u
[INFO DPL-0023] HPWL delta               -0.7 %
Setting global connections for newly added cells…
Writing OpenROAD database to '/openlane/designs/mux16to1/runs/run1/tmp/12-mux16to1.odb'…
Writing netlist to '/openlane/designs/mux16to1/runs/run1/tmp/12-mux16to1.nl.v'…
Writing powered netlist to '/openlane/designs/mux16to1/runs/run1/tmp/12-mux16to1.pnl.v'…
Writing layout to '/openlane/designs/mux16to1/runs/run1/tmp/12-mux16to1.def'…
Writing timing constraints to '/openlane/designs/mux16to1/runs/run1/tmp/12-mux16to1.sdc'…
area_report

===========================================================================
report_design_area
============================================================================
Design area 858 u^2 3% utilization.
area_report_end
