OpenROAD 41a51eaf4ca2171c92ff38afb91eb37bbd3f36da 
This program is licensed under the BSD-3 license. See the LICENSE file for details.
Components of this program may be licensed under more restrictive licenses which must be honored.
[INFO]: Reading ODB at '/openlane/designs/mux16to1/runs/run1/tmp/routing/19-fill.odb'…
define_corners Typical
read_liberty -corner Typical /home/rajshekhar/.ciel/sky130A/libs.ref/sky130_fd_sc_hd/lib/sky130_fd_sc_hd__tt_025C_1v80.lib
Using 1e-12 for capacitance...
Using 1e+03 for resistance...
Using 1e-09 for time...
Using 1e+00 for voltage...
Using 1e-03 for current...
Using 1e-09 for power...
Using 1e-06 for distance...
Reading design constraints file at '/openlane/designs/mux16to1/runs/run1/tmp/14-mux16to1.sdc'…
[INFO ORD-0030] Using 2 thread(s).
[INFO DRT-0149] Reading tech and libs.

Units:                1000
Number of layers:     13
Number of macros:     441
Number of vias:       25
Number of viarulegen: 25

[INFO DRT-0150] Reading design.

Design:                   mux16to1
Die area:                 ( 0 0 ) ( 200000 200000 )
Number of track patterns: 12
Number of DEF vias:       0
Number of components:     3453
Number of terminals:      23
Number of snets:          2
Number of nets:           55

[INFO DRT-0167] List of default vias:
  Layer mcon
    default via: L1M1_PR
  Layer via
    default via: M1M2_PR
  Layer via2
    default via: M2M3_PR
  Layer via3
    default via: M3M4_PR
  Layer via4
    default via: M4M5_PR
[INFO DRT-0162] Library cell analysis.
[INFO DRT-0163] Instance analysis.
[INFO DRT-0164] Number of unique instances = 42.
[INFO DRT-0168] Init region query.
[INFO DRT-0024]   Complete FR_MASTERSLICE.
[INFO DRT-0024]   Complete licon.
[INFO DRT-0024]   Complete li1.
[INFO DRT-0024]   Complete mcon.
[INFO DRT-0024]   Complete met1.
[INFO DRT-0024]   Complete via.
[INFO DRT-0024]   Complete met2.
[INFO DRT-0024]   Complete via2.
[INFO DRT-0024]   Complete met3.
[INFO DRT-0024]   Complete via3.
[INFO DRT-0024]   Complete met4.
[INFO DRT-0024]   Complete via4.
[INFO DRT-0024]   Complete met5.
[INFO DRT-0033] FR_MASTERSLICE shape region query size = 0.
[INFO DRT-0033] licon shape region query size = 0.
[INFO DRT-0033] li1 shape region query size = 18528.
[INFO DRT-0033] mcon shape region query size = 44568.
[INFO DRT-0033] met1 shape region query size = 7148.
[INFO DRT-0033] via shape region query size = 660.
[INFO DRT-0033] met2 shape region query size = 407.
[INFO DRT-0033] via2 shape region query size = 528.
[INFO DRT-0033] met3 shape region query size = 406.
[INFO DRT-0033] via3 shape region query size = 528.
[INFO DRT-0033] met4 shape region query size = 148.
[INFO DRT-0033] via4 shape region query size = 8.
[INFO DRT-0033] met5 shape region query size = 16.
[INFO DRT-0165] Start pin access.
[INFO DRT-0078]   Complete 84 pins.
[INFO DRT-0081]   Complete 24 unique inst patterns.
[INFO DRT-0084]   Complete 33 groups.
#scanned instances     = 3453
#unique  instances     = 42
#stdCellGenAp          = 597
#stdCellValidPlanarAp  = 0
#stdCellValidViaAp     = 463
#stdCellPinNoAp        = 0
#stdCellPinCnt         = 106
#instTermValidViaApCnt = 0
#macroGenAp            = 0
#macroValidPlanarAp    = 0
#macroValidViaAp       = 0
#macroNoAp             = 0
[INFO DRT-0166] Complete pin access.
[INFO DRT-0267] cpu time = 00:00:02, elapsed time = 00:00:01, memory = 119.39 (MB), peak = 119.39 (MB)

Number of guides:     346

[INFO DRT-0169] Post process guides.
[INFO DRT-0176] GCELLGRID X 0 DO 28 STEP 6900 ;
[INFO DRT-0177] GCELLGRID Y 0 DO 28 STEP 6900 ;
[INFO DRT-0028]   Complete FR_MASTERSLICE.
[INFO DRT-0028]   Complete licon.
[INFO DRT-0028]   Complete li1.
[INFO DRT-0028]   Complete mcon.
[INFO DRT-0028]   Complete met1.
[INFO DRT-0028]   Complete via.
[INFO DRT-0028]   Complete met2.
[INFO DRT-0028]   Complete via2.
[INFO DRT-0028]   Complete met3.
[INFO DRT-0028]   Complete via3.
[INFO DRT-0028]   Complete met4.
[INFO DRT-0028]   Complete via4.
[INFO DRT-0028]   Complete met5.
[INFO DRT-0178] Init guide query.
[INFO DRT-0035]   Complete FR_MASTERSLICE (guide).
[INFO DRT-0035]   Complete licon (guide).
[INFO DRT-0035]   Complete li1 (guide).
[INFO DRT-0035]   Complete mcon (guide).
[INFO DRT-0035]   Complete met1 (guide).
[INFO DRT-0035]   Complete via (guide).
[INFO DRT-0035]   Complete met2 (guide).
[INFO DRT-0035]   Complete via2 (guide).
[INFO DRT-0035]   Complete met3 (guide).
[INFO DRT-0035]   Complete via3 (guide).
[INFO DRT-0035]   Complete met4 (guide).
[INFO DRT-0035]   Complete via4 (guide).
[INFO DRT-0035]   Complete met5 (guide).
[INFO DRT-0036] FR_MASTERSLICE guide region query size = 0.
[INFO DRT-0036] licon guide region query size = 0.
[INFO DRT-0036] li1 guide region query size = 97.
[INFO DRT-0036] mcon guide region query size = 0.
[INFO DRT-0036] met1 guide region query size = 89.
[INFO DRT-0036] via guide region query size = 0.
[INFO DRT-0036] met2 guide region query size = 55.
[INFO DRT-0036] via2 guide region query size = 0.
[INFO DRT-0036] met3 guide region query size = 10.
[INFO DRT-0036] via3 guide region query size = 0.
[INFO DRT-0036] met4 guide region query size = 0.
[INFO DRT-0036] via4 guide region query size = 0.
[INFO DRT-0036] met5 guide region query size = 0.
[INFO DRT-0179] Init gr pin query.
[INFO DRT-0245] skipped writing guide updates to database.
[INFO DRT-0185] Post process initialize RPin region query.
[INFO DRT-0181] Start track assignment.
[INFO DRT-0184] Done with 152 vertical wires in 1 frboxes and 99 horizontal wires in 1 frboxes.
[INFO DRT-0186] Done with 2 vertical wires in 1 frboxes and 17 horizontal wires in 1 frboxes.
[INFO DRT-0182] Complete track assignment.
[INFO DRT-0267] cpu time = 00:00:00, elapsed time = 00:00:00, memory = 120.76 (MB), peak = 127.57 (MB)
[INFO DRT-0187] Start routing data preparation.
[INFO DRT-0267] cpu time = 00:00:00, elapsed time = 00:00:00, memory = 120.96 (MB), peak = 127.57 (MB)
[INFO DRT-0194] Start detail routing.
[INFO DRT-0195] Start 0th optimization iteration.
    Completing 10% with 0 violations.
    elapsed time = 00:00:00, memory = 145.86 (MB).
    Completing 20% with 0 violations.
    elapsed time = 00:00:00, memory = 161.47 (MB).
    Completing 30% with 13 violations.
    elapsed time = 00:00:00, memory = 149.61 (MB).
    Completing 40% with 13 violations.
    elapsed time = 00:00:00, memory = 164.82 (MB).
    Completing 50% with 13 violations.
    elapsed time = 00:00:00, memory = 165.04 (MB).
    Completing 60% with 13 violations.
    elapsed time = 00:00:00, memory = 165.23 (MB).
    Completing 70% with 13 violations.
    elapsed time = 00:00:00, memory = 169.48 (MB).
    Completing 80% with 13 violations.
    elapsed time = 00:00:00, memory = 160.66 (MB).
    Completing 90% with 13 violations.
    elapsed time = 00:00:00, memory = 168.47 (MB).
    Completing 100% with 14 violations.
    elapsed time = 00:00:01, memory = 171.05 (MB).
[INFO DRT-0199]   Number of violations = 14.
Viol/Layer        met1
Metal Spacing        3
Short               11
[INFO DRT-0267] cpu time = 00:00:02, elapsed time = 00:00:01, memory = 170.47 (MB), peak = 506.64 (MB)
Total wire length = 3065 um.
Total wire length on LAYER li1 = 0 um.
Total wire length on LAYER met1 = 1550 um.
Total wire length on LAYER met2 = 1490 um.
Total wire length on LAYER met3 = 24 um.
Total wire length on LAYER met4 = 0 um.
Total wire length on LAYER met5 = 0 um.
Total number of vias = 227.
Up-via summary (total 227):.

----------------------
 FR_MASTERSLICE      0
            li1    106
           met1    111
           met2     10
           met3      0
           met4      0
----------------------
                   227


[INFO DRT-0195] Start 1st optimization iteration.
    Completing 10% with 14 violations.
    elapsed time = 00:00:00, memory = 170.47 (MB).
    Completing 20% with 14 violations.
    elapsed time = 00:00:00, memory = 170.54 (MB).
    Completing 30% with 14 violations.
    elapsed time = 00:00:00, memory = 170.54 (MB).
    Completing 40% with 4 violations.
    elapsed time = 00:00:00, memory = 155.11 (MB).
    Completing 50% with 4 violations.
    elapsed time = 00:00:00, memory = 166.96 (MB).
    Completing 60% with 4 violations.
    elapsed time = 00:00:00, memory = 167.99 (MB).
    Completing 70% with 4 violations.
    elapsed time = 00:00:00, memory = 168.09 (MB).
    Completing 80% with 4 violations.
    elapsed time = 00:00:00, memory = 168.28 (MB).
    Completing 90% with 4 violations.
    elapsed time = 00:00:00, memory = 160.86 (MB).
    Completing 100% with 4 violations.
    elapsed time = 00:00:01, memory = 147.33 (MB).
[INFO DRT-0199]   Number of violations = 4.
Viol/Layer        met1
Short                4
[INFO DRT-0267] cpu time = 00:00:02, elapsed time = 00:00:01, memory = 153.35 (MB), peak = 506.64 (MB)
Total wire length = 3054 um.
Total wire length on LAYER li1 = 0 um.
Total wire length on LAYER met1 = 1542 um.
Total wire length on LAYER met2 = 1486 um.
Total wire length on LAYER met3 = 24 um.
Total wire length on LAYER met4 = 0 um.
Total wire length on LAYER met5 = 0 um.
Total number of vias = 225.
Up-via summary (total 225):.

----------------------
 FR_MASTERSLICE      0
            li1    106
           met1    109
           met2     10
           met3      0
           met4      0
----------------------
                   225


[INFO DRT-0195] Start 2nd optimization iteration.
    Completing 10% with 4 violations.
    elapsed time = 00:00:00, memory = 153.35 (MB).
    Completing 20% with 4 violations.
    elapsed time = 00:00:00, memory = 153.35 (MB).
    Completing 30% with 4 violations.
    elapsed time = 00:00:00, memory = 153.37 (MB).
    Completing 40% with 0 violations.
    elapsed time = 00:00:00, memory = 153.37 (MB).
    Completing 50% with 0 violations.
    elapsed time = 00:00:00, memory = 153.37 (MB).
    Completing 60% with 0 violations.
    elapsed time = 00:00:00, memory = 153.37 (MB).
    Completing 70% with 0 violations.
    elapsed time = 00:00:00, memory = 153.37 (MB).
    Completing 80% with 0 violations.
    elapsed time = 00:00:00, memory = 153.37 (MB).
    Completing 90% with 0 violations.
    elapsed time = 00:00:00, memory = 153.37 (MB).
    Completing 100% with 0 violations.
    elapsed time = 00:00:00, memory = 153.37 (MB).
[INFO DRT-0199]   Number of violations = 0.
[INFO DRT-0267] cpu time = 00:00:00, elapsed time = 00:00:00, memory = 153.37 (MB), peak = 506.64 (MB)
Total wire length = 3056 um.
Total wire length on LAYER li1 = 0 um.
Total wire length on LAYER met1 = 1543 um.
Total wire length on LAYER met2 = 1488 um.
Total wire length on LAYER met3 = 24 um.
Total wire length on LAYER met4 = 0 um.
Total wire length on LAYER met5 = 0 um.
Total number of vias = 225.
Up-via summary (total 225):.

----------------------
 FR_MASTERSLICE      0
            li1    106
           met1    109
           met2     10
           met3      0
           met4      0
----------------------
                   225


[INFO DRT-0198] Complete detail routing.
Total wire length = 3056 um.
Total wire length on LAYER li1 = 0 um.
Total wire length on LAYER met1 = 1543 um.
Total wire length on LAYER met2 = 1488 um.
Total wire length on LAYER met3 = 24 um.
Total wire length on LAYER met4 = 0 um.
Total wire length on LAYER met5 = 0 um.
Total number of vias = 225.
Up-via summary (total 225):.

----------------------
 FR_MASTERSLICE      0
            li1    106
           met1    109
           met2     10
           met3      0
           met4      0
----------------------
                   225


[INFO DRT-0267] cpu time = 00:00:05, elapsed time = 00:00:03, memory = 153.37 (MB), peak = 506.64 (MB)

[INFO DRT-0180] Post processing.
Setting global connections for newly added cells…
Writing OpenROAD database to '/openlane/designs/mux16to1/runs/run1/results/routing/mux16to1.odb'…
Writing netlist to '/openlane/designs/mux16to1/runs/run1/results/routing/mux16to1.nl.v'…
Writing powered netlist to '/openlane/designs/mux16to1/runs/run1/results/routing/mux16to1.pnl.v'…
Writing layout to '/openlane/designs/mux16to1/runs/run1/results/routing/mux16to1.def'…
