Fri Aug 15 16:46:55 UTC 2025 - Executing "openroad -exit -no_init -python /openlane/scripts/odbpy/lefutil.py get_metal_layers -o /openlane/designs/mux16to1/runs/run1/tmp/layers.list /home/rajshekhar/.ciel/sky130A/libs.ref/sky130_fd_sc_hd/techlef/sky130_fd_sc_hd__nom.tlef"

Fri Aug 15 16:46:55 UTC 2025 - Executing "/openlane/scripts/mergeLef.py -o /openlane/designs/mux16to1/runs/run1/tmp/merged.nom.lef -i /home/rajshekhar/.ciel/sky130A/libs.ref/sky130_fd_sc_hd/techlef/sky130_fd_sc_hd__nom.tlef {/home/rajshekhar/.ciel/sky130A/libs.ref/sky130_fd_sc_hd/lef/sky130_ef_sc_hd.lef /home/rajshekhar/.ciel/sky130A/libs.ref/sky130_fd_sc_hd/lef/sky130_fd_sc_hd.lef} |& tee /dev/null"

Fri Aug 15 16:46:55 UTC 2025 - Executing "/openlane/scripts/mergeLef.py -o /openlane/designs/mux16to1/runs/run1/tmp/merged.min.lef -i /home/rajshekhar/.ciel/sky130A/libs.ref/sky130_fd_sc_hd/techlef/sky130_fd_sc_hd__min.tlef {/home/rajshekhar/.ciel/sky130A/libs.ref/sky130_fd_sc_hd/lef/sky130_ef_sc_hd.lef /home/rajshekhar/.ciel/sky130A/libs.ref/sky130_fd_sc_hd/lef/sky130_fd_sc_hd.lef} |& tee /dev/null"

Fri Aug 15 16:46:56 UTC 2025 - Executing "/openlane/scripts/mergeLef.py -o /openlane/designs/mux16to1/runs/run1/tmp/merged.max.lef -i /home/rajshekhar/.ciel/sky130A/libs.ref/sky130_fd_sc_hd/techlef/sky130_fd_sc_hd__max.tlef {/home/rajshekhar/.ciel/sky130A/libs.ref/sky130_fd_sc_hd/lef/sky130_ef_sc_hd.lef /home/rajshekhar/.ciel/sky130A/libs.ref/sky130_fd_sc_hd/lef/sky130_fd_sc_hd.lef} |& tee /dev/null"

Fri Aug 15 16:46:56 UTC 2025 - Executing "python3 /openlane/scripts/mergeLib.py --output /openlane/designs/mux16to1/runs/run1/tmp/synthesis/merged.lib --name sky130A_merged /home/rajshekhar/.ciel/sky130A/libs.ref/sky130_fd_sc_hd/lib/sky130_fd_sc_hd__tt_025C_1v80.lib"

Fri Aug 15 16:46:56 UTC 2025 - Executing "python3 /openlane/scripts/libtrim.py --cell-file /openlane/designs/mux16to1/runs/run1/tmp/synthesis/trimmed.lib.exclude.list --output /openlane/designs/mux16to1/runs/run1/tmp/synthesis/trimmed.lib /openlane/designs/mux16to1/runs/run1/tmp/synthesis/merged.lib"

Fri Aug 15 16:46:56 UTC 2025 - Executing "python3 /openlane/scripts/libtrim.py --cell-file /openlane/designs/mux16to1/runs/run1/tmp/cts/cts.lib.exclude.list --output /openlane/designs/mux16to1/runs/run1/tmp/cts/cts.lib /home/rajshekhar/.ciel/sky130A/libs.ref/sky130_fd_sc_hd/lib/sky130_fd_sc_hd__tt_025C_1v80.lib"

Fri Aug 15 16:46:57 UTC 2025 - Executing "python3 /openlane/scripts/libtrim.py --cell-file /openlane/designs/mux16to1/runs/run1/tmp/cts/cts-fastest.lib.exclude.list --output /openlane/designs/mux16to1/runs/run1/tmp/cts/cts-fastest.lib /home/rajshekhar/.ciel/sky130A/libs.ref/sky130_fd_sc_hd/lib/sky130_fd_sc_hd__ff_n40C_1v95.lib"

Fri Aug 15 16:46:57 UTC 2025 - Executing "python3 /openlane/scripts/libtrim.py --cell-file /openlane/designs/mux16to1/runs/run1/tmp/cts/cts-slowest.lib.exclude.list --output /openlane/designs/mux16to1/runs/run1/tmp/cts/cts-slowest.lib /home/rajshekhar/.ciel/sky130A/libs.ref/sky130_fd_sc_hd/lib/sky130_fd_sc_hd__ss_100C_1v60.lib"

Fri Aug 15 16:46:57 UTC 2025 - Executing "python3 /openlane/scripts/new_tracks.py -i /home/rajshekhar/.ciel/sky130A/libs.tech/openlane/sky130_fd_sc_hd/tracks.info -o /openlane/designs/mux16to1/runs/run1/tmp/routing/config.tracks"

Fri Aug 15 16:46:57 UTC 2025 - Executing "echo {OpenLane 413d301090a476f8d34cf24dc2447da17dfab187} > /openlane/designs/mux16to1/runs/run1/OPENLANE_COMMIT"

Fri Aug 15 16:47:03 UTC 2025 - Executing "sed -E {s/^([[:space:]]+)pg_pin(.*)/\1pin\2\n\1    direction : "inout";/g} /home/rajshekhar/.ciel/sky130A/libs.ref/sky130_fd_sc_hd/lib/sky130_fd_sc_hd__tt_025C_1v80.lib > /openlane/designs/mux16to1/runs/run1/tmp/synthesis/1-sky130_fd_sc_hd__tt_025C_1v80.no_pg.lib"

Fri Aug 15 16:47:03 UTC 2025 - Executing "sed -E {s/^([[:space:]]+)pg_pin(.*)/\1pin\2\n\1    direction : "inout";/g} /openlane/designs/mux16to1/runs/run1/tmp/synthesis/trimmed.lib > /openlane/designs/mux16to1/runs/run1/tmp/synthesis/1-trimmed.no_pg.lib"

Fri Aug 15 16:47:03 UTC 2025 - Executing "yosys -c /openlane/scripts/yosys/synth.tcl |& tee /dev/null /openlane/designs/mux16to1/runs/run1/logs/synthesis/1-synthesis.log"

Fri Aug 15 16:47:04 UTC 2025 - Executing "sed -i.bak -e {s/\(set ::env(CURRENT_NETLIST)\).*/\1 \/openlane\/designs\/mux16to1\/runs\/run1\/results\/synthesis\/mux16to1.v/} /openlane/designs/mux16to1/runs/run1/config.tcl"

Fri Aug 15 16:47:04 UTC 2025 - Executing "sed -i.bak /defparam/d /openlane/designs/mux16to1/runs/run1/results/synthesis/mux16to1.v"

Fri Aug 15 16:47:04 UTC 2025 - Executing "sta -exit -no_init /openlane/scripts/openroad/sta/multi_corner.tcl |& tee /dev/null /openlane/designs/mux16to1/runs/run1/logs/synthesis/2-sta.log"

Fri Aug 15 16:47:10 UTC 2025 - Executing "openroad -exit /openlane/scripts/openroad/floorplan.tcl |& tee /dev/null /openlane/designs/mux16to1/runs/run1/logs/floorplan/3-initial_fp.log"

Fri Aug 15 16:47:11 UTC 2025 - Executing "openroad -exit -no_init -python /openlane/scripts/odbpy/defutil.py extract_core_dims --output-data /openlane/designs/mux16to1/runs/run1/tmp/dimensions.txt --input-lef /openlane/designs/mux16to1/runs/run1/tmp/merged.nom.lef /openlane/designs/mux16to1/runs/run1/tmp/floorplan/3-initial_fp.def"

Fri Aug 15 16:47:11 UTC 2025 - Executing "openroad -exit /openlane/scripts/openroad/ioplacer.tcl |& tee /dev/null /openlane/designs/mux16to1/runs/run1/logs/floorplan/4-io.log"

Fri Aug 15 16:47:12 UTC 2025 - Executing "openroad -exit /openlane/scripts/openroad/tapcell.tcl |& tee /dev/null /openlane/designs/mux16to1/runs/run1/logs/floorplan/5-tap.log"

Fri Aug 15 16:47:13 UTC 2025 - Executing "openroad -exit /openlane/scripts/openroad/pdn.tcl |& tee /dev/null /openlane/designs/mux16to1/runs/run1/logs/floorplan/6-pdn.log"

Fri Aug 15 16:47:21 UTC 2025 - Executing "openroad -exit /openlane/scripts/openroad/gpl.tcl |& tee /dev/null /openlane/designs/mux16to1/runs/run1/logs/placement/7-global.log"

Fri Aug 15 16:47:22 UTC 2025 - Executing "sed -i.bak -e {s/\(set ::env(CURRENT_NETLIST)\).*/\1 \/openlane\/designs\/mux16to1\/runs\/run1\/tmp\/placement\/7-global.nl.v/} /openlane/designs/mux16to1/runs/run1/config.tcl"

Fri Aug 15 16:47:22 UTC 2025 - Executing "openroad -exit /openlane/scripts/openroad/sta/multi_corner.tcl |& tee /dev/null /openlane/designs/mux16to1/runs/run1/logs/placement/8-gpl_sta.log"

Fri Aug 15 16:47:23 UTC 2025 - Executing "openroad -exit /openlane/scripts/openroad/resizer.tcl |& tee /dev/null /openlane/designs/mux16to1/runs/run1/logs/placement/9-resizer.log"

Fri Aug 15 16:47:24 UTC 2025 - Executing "sed -i.bak -e {s/\(set ::env(CURRENT_NETLIST)\).*/\1 \/openlane\/designs\/mux16to1\/runs\/run1\/tmp\/placement\/9-resizer.nl.v/} /openlane/designs/mux16to1/runs/run1/config.tcl"

Fri Aug 15 16:47:24 UTC 2025 - Executing "openroad -exit /openlane/scripts/openroad/dpl.tcl |& tee /dev/null /openlane/designs/mux16to1/runs/run1/logs/placement/10-detailed.log"

Fri Aug 15 16:47:25 UTC 2025 - Executing "sed -i.bak -e {s/\(set ::env(CURRENT_NETLIST)\).*/\1 \/openlane\/designs\/mux16to1\/runs\/run1\/results\/placement\/mux16to1.nl.v/} /openlane/designs/mux16to1/runs/run1/config.tcl"

Fri Aug 15 16:47:25 UTC 2025 - Executing "openroad -exit /openlane/scripts/openroad/sta/multi_corner.tcl |& tee /dev/null /openlane/designs/mux16to1/runs/run1/logs/placement/11-dpl_sta.log"

Fri Aug 15 16:47:32 UTC 2025 - Executing "openroad -exit /openlane/scripts/openroad/resizer_routing_design.tcl |& tee /dev/null /openlane/designs/mux16to1/runs/run1/logs/routing/12-resizer_design.log"

Fri Aug 15 16:47:34 UTC 2025 - Executing "sed -i.bak -e {s/\(set ::env(CURRENT_NETLIST)\).*/\1 \/openlane\/designs\/mux16to1\/runs\/run1\/tmp\/12-mux16to1.nl.v/} /openlane/designs/mux16to1/runs/run1/config.tcl"

Fri Aug 15 16:47:34 UTC 2025 - Executing "openroad -exit /openlane/scripts/openroad/sta/multi_corner.tcl |& tee /dev/null /openlane/designs/mux16to1/runs/run1/logs/routing/13-rsz_design_sta.log"

Fri Aug 15 16:47:34 UTC 2025 - Executing "openroad -exit /openlane/scripts/openroad/resizer_routing_timing.tcl |& tee /dev/null /openlane/designs/mux16to1/runs/run1/logs/routing/14-resizer_timing.log"

Fri Aug 15 16:47:36 UTC 2025 - Executing "sed -i.bak -e {s/\(set ::env(CURRENT_NETLIST)\).*/\1 \/openlane\/designs\/mux16to1\/runs\/run1\/tmp\/14-mux16to1.nl.v/} /openlane/designs/mux16to1/runs/run1/config.tcl"

Fri Aug 15 16:47:36 UTC 2025 - Executing "openroad -exit /openlane/scripts/openroad/sta/multi_corner.tcl |& tee /dev/null /openlane/designs/mux16to1/runs/run1/logs/routing/15-rsz_timing_sta.log"

Fri Aug 15 16:47:37 UTC 2025 - Executing "openroad -exit /openlane/scripts/openroad/groute.tcl |& tee /dev/null /openlane/designs/mux16to1/runs/run1/logs/routing/16-global.log"

Fri Aug 15 16:47:37 UTC 2025 - Executing "openroad -exit /openlane/scripts/openroad/write_views.tcl |& tee /dev/null /openlane/designs/mux16to1/runs/run1/logs/routing/16-global_write_netlist.log"

Fri Aug 15 16:47:38 UTC 2025 - Executing "sed -i.bak -e {s/\(set ::env(CURRENT_NETLIST)\).*/\1 \/openlane\/designs\/mux16to1\/runs\/run1\/tmp\/routing\/global.nl.v/} /openlane/designs/mux16to1/runs/run1/config.tcl"

Fri Aug 15 16:47:38 UTC 2025 - Executing "openroad -exit /openlane/scripts/openroad/sta/multi_corner.tcl |& tee /dev/null /openlane/designs/mux16to1/runs/run1/logs/routing/18-grt_sta.log"

Fri Aug 15 16:47:39 UTC 2025 - Executing "openroad -exit /openlane/scripts/openroad/fill.tcl |& tee /dev/null /openlane/designs/mux16to1/runs/run1/logs/routing/19-fill.log"

Fri Aug 15 16:47:40 UTC 2025 - Executing "sed -i.bak -e {s/\(set ::env(CURRENT_NETLIST)\).*/\1 \/openlane\/designs\/mux16to1\/runs\/run1\/tmp\/routing\/19-fill.nl.v/} /openlane/designs/mux16to1/runs/run1/config.tcl"

Fri Aug 15 16:47:40 UTC 2025 - Executing "openroad -exit /openlane/scripts/openroad/droute.tcl |& tee /dev/null /openlane/designs/mux16to1/runs/run1/logs/routing/20-detailed.log"

Fri Aug 15 16:47:46 UTC 2025 - Executing "sed -i.bak -e {s/\(set ::env(CURRENT_NETLIST)\).*/\1 \/openlane\/designs\/mux16to1\/runs\/run1\/results\/routing\/mux16to1.nl.v/} /openlane/designs/mux16to1/runs/run1/config.tcl"

Fri Aug 15 16:47:46 UTC 2025 - Executing "python3 /openlane/scripts/drc_rosetta.py tr to_klayout -o /openlane/designs/mux16to1/runs/run1/reports/routing/drt.klayout.xml --design-name mux16to1 /openlane/designs/mux16to1/runs/run1/reports/routing/drt.drc"

Fri Aug 15 16:47:46 UTC 2025 - Executing "openroad -exit -no_init -python /openlane/scripts/odbpy/wire_lengths.py --report-out /openlane/designs/mux16to1/runs/run1/reports/routing/21-wire_lengths.csv --input-lef /openlane/designs/mux16to1/runs/run1/tmp/merged.nom.lef --output-def /dev/null --output /openlane/designs/mux16to1/runs/run1/results/routing/mux16to1.odb /openlane/designs/mux16to1/runs/run1/results/routing/mux16to1.odb |& tee /dev/null /openlane/designs/mux16to1/runs/run1/logs/routing/21-wire_lengths.log"

Fri Aug 15 16:47:57 UTC 2025 - Executing "magic -noconsole -dnull -rcfile /home/rajshekhar/.ciel/sky130A/libs.tech/magic/sky130A.magicrc < /openlane/scripts/magic/wrapper.tcl |& tee /dev/null /openlane/designs/mux16to1/runs/run1/logs/signoff/22-gdsii.log"

Fri Aug 15 16:47:57 UTC 2025 - Executing "magic -noconsole -dnull -rcfile /home/rajshekhar/.ciel/sky130A/libs.tech/magic/sky130A.magicrc < /openlane/scripts/magic/wrapper.tcl |& tee /dev/null /openlane/designs/mux16to1/runs/run1/logs/signoff/22-gds_ptrs.log"

Fri Aug 15 16:47:58 UTC 2025 - Executing "sed -i.bak -n {/^<< properties >>/,/^<< end >>/p} /openlane/designs/mux16to1/runs/run1/tmp/signoff/gds_ptrs.mag"

Fri Aug 15 16:47:58 UTC 2025 - Executing "magic -noconsole -dnull -rcfile /home/rajshekhar/.ciel/sky130A/libs.tech/magic/sky130A.magicrc < /openlane/scripts/magic/wrapper.tcl |& tee /dev/null /openlane/designs/mux16to1/runs/run1/logs/signoff/22-lef.log"

Fri Aug 15 16:47:59 UTC 2025 - Executing "magic -noconsole -dnull -rcfile /home/rajshekhar/.ciel/sky130A/libs.tech/magic/sky130A.magicrc < /openlane/scripts/magic/wrapper.tcl |& tee /dev/null /openlane/designs/mux16to1/runs/run1/logs/signoff/22-maglef.log"

Fri Aug 15 16:48:08 UTC 2025 - Executing "magic -noconsole -dnull -rcfile /home/rajshekhar/.ciel/sky130A/libs.tech/magic/sky130A.magicrc < /openlane/scripts/magic/wrapper.tcl |& tee /dev/null /openlane/designs/mux16to1/runs/run1/logs/signoff/23-drc.log"

Fri Aug 15 16:48:09 UTC 2025 - Executing "python3 /openlane/scripts/drc_rosetta.py magic to_tcl -o /openlane/designs/mux16to1/runs/run1/reports/signoff/drc.tcl /openlane/designs/mux16to1/runs/run1/reports/signoff/drc.rpt"

Fri Aug 15 16:48:09 UTC 2025 - Executing "python3 /openlane/scripts/drc_rosetta.py magic to_tr -o /openlane/designs/mux16to1/runs/run1/reports/signoff/drc.tr /openlane/designs/mux16to1/runs/run1/reports/signoff/drc.rpt"

Fri Aug 15 16:48:10 UTC 2025 - Executing "python3 /openlane/scripts/drc_rosetta.py tr to_klayout -o /openlane/designs/mux16to1/runs/run1/reports/signoff/drc.klayout.xml --design-name mux16to1 /openlane/designs/mux16to1/runs/run1/reports/signoff/drc.tr"

Fri Aug 15 16:48:10 UTC 2025 - Executing "python3 /openlane/scripts/drc_rosetta.py magic to_rdb -o /openlane/designs/mux16to1/runs/run1/reports/signoff/drc.rdb /openlane/designs/mux16to1/runs/run1/reports/signoff/drc.rpt"

Fri Aug 15 16:48:36 UTC 2025 - Executing "magic -noconsole -dnull -rcfile /home/rajshekhar/.ciel/sky130A/libs.tech/magic/sky130A.magicrc < /openlane/scripts/magic/wrapper.tcl |& tee /dev/null /openlane/designs/mux16to1/runs/run1/logs/signoff/24-spice.log"

Fri Aug 15 16:48:43 UTC 2025 - Executing "openroad -exit /openlane/scripts/openroad/antenna_check.tcl |& tee /dev/null /openlane/designs/mux16to1/runs/run1/logs/signoff/25-arc.log"

Fri Aug 15 16:48:43 UTC 2025 - Executing "python3 /openlane/scripts/extract_antenna_violators.py --output /openlane/designs/mux16to1/runs/run1/reports/signoff/25-antenna_violators.rpt --plain-out /openlane/designs/mux16to1/runs/run1/reports/signoff/25-antenna_violators_pins.txt /openlane/designs/mux16to1/runs/run1/logs/signoff/25-arc.log"

Fri Aug 15 16:48:58 UTC 2025 - Executing "openroad -exit -no_init -python /openlane/scripts/odbpy/power_utils.py write_powered_def --output /openlane/designs/mux16to1/runs/run1/tmp/signoff/25-mux16to1.p.def --input-lef /openlane/designs/mux16to1/runs/run1/tmp/merged.nom.lef --power-port VPWR --ground-port VGND --powered-netlist {} /openlane/designs/mux16to1/runs/run1/results/routing/mux16to1.def |& tee /dev/null /openlane/designs/mux16to1/runs/run1/logs/signoff/26-write_powered_def.log"

Fri Aug 15 16:48:59 UTC 2025 - Executing "openroad -exit /openlane/scripts/openroad/write_views.tcl |& tee /dev/null /openlane/designs/mux16to1/runs/run1/logs/signoff/26-write_powered_verilog.log"

Fri Aug 15 16:48:59 UTC 2025 - Executing "sed -i.bak -e {s/\(set ::env(CURRENT_NETLIST)\).*/\1 \/openlane\/designs\/mux16to1\/runs\/run1\/tmp\/signoff\/25-mux16to1.nl.v/} /openlane/designs/mux16to1/runs/run1/config.tcl"

Fri Aug 15 16:49:00 UTC 2025 - Executing "netgen -batch source /openlane/designs/mux16to1/runs/run1/tmp/signoff/28-setup_file.lef.lvs |& tee /dev/null /openlane/designs/mux16to1/runs/run1/logs/signoff/28-lvs.lef.log"

